  … extraction_target_status: tracing 3 function-routed tests
  … extraction_target_status: baseline traced · 3 tests · 0.0s
  … extraction_target_status: 1/16 mutants · 2.3/s · ETA estimating… (heartbeat)
  … extraction_target_status: 16/16 mutants · 33.4/s · done in 0.5s
  ▸ pass 0: ✓ every mutant killed
  ▸ witness pass: searching richer inputs for a distinguishing kill…
  ▸ finalizing — re-profiling the full mutant universe against the written suite…
  ▸ verifying reproducibility — fresh isolated observation of the function's proof basis…
  … extraction_target_status: tracing 3 function-routed tests
  … extraction_target_status: baseline traced · 3 tests · 0.0s
──────────────────────────────────────────────────────────────────────────────
Detective/extract.py::extraction_target_status — converge · 16 behaviours · 16 pinned

  · not consulted      2062 collected test(s) have no static path to this function — not traced (a missed dynamic reacher costs a redundant generated test, never a certificate)
  · full report        .detective/reports/converge_extraction_target_status.txt

DONE:  the suite pins every behaviour this function makes.

       NEXT — the style pass (behaviour is pinned; this is the self-evident next move):
         detective plan 'Detective/extract.py'          # the fuller style map for these regions
         detective decompose 'Detective/extract.py::extraction_target_status' --apply  # split it where behaviour is proven preserved
         detective survey 'Detective/extract.py'         # pure decisions trapped behind an impure boundary
         (efficiency, once you have a rewrite: detective verify-rewrite <receipt> 'Detective/extract.py::extraction_target_status' --budget)

FINAL Detective/extract.py::extraction_target_status: ✓ COMPLETE (operator universe) · 16/16 killed · minimal cover 3 test(s)
