........................................................................ [  2%]
........................................................................ [  5%]
........................................................................ [  8%]
........................................................................ [ 10%]
........................................................................ [ 13%]
........................................................................ [ 16%]
........................................................................ [ 18%]
........................................................................ [ 21%]
........................................................................ [ 24%]
........................................................................ [ 26%]
........................................................................ [ 29%]
........................................................................ [ 32%]
........................................................................ [ 34%]
...........................................ss........................... [ 37%]
........................................................................ [ 40%]
........................................................................ [ 42%]
........................................................................ [ 45%]
.............................................................ss......... [ 48%]
........................................................................ [ 50%]
........................................................................ [ 53%]
.........................ssssssss....................................... [ 56%]
........................................................................ [ 58%]
........................................................................ [ 61%]
........................................................................ [ 64%]
........................................................................ [ 66%]
............................................................ssssssssssss [ 69%]
........................................................................ [ 72%]
........................................................................ [ 75%]
........................................................................ [ 77%]
........................................................................ [ 80%]
........................................................................ [ 83%]
........................................................................ [ 85%]
........................................................................ [ 88%]
........................................................................ [ 91%]
........................................................................ [ 93%]
........................................................................ [ 96%]
........................................................................ [ 99%]
.......................                                                  [100%]
=============================== warnings summary ===============================
Detective/regime.py:81
  /Users/rohanvinaik/tools/Detective/Detective/regime.py:81: PytestCollectionWarning: cannot collect test class 'TestRegime' because it has a __init__ constructor (from: tests/test_plan_migration_synth.py)
    @dataclass(frozen=True)

Detective/regime.py:81
  /Users/rohanvinaik/tools/Detective/Detective/regime.py:81: PytestCollectionWarning: cannot collect test class 'TestRegime' because it has a __init__ constructor (from: tests/test_regime_native.py)
    @dataclass(frozen=True)

-- Docs: https://docs.pytest.org/en/stable/how-to/capture-warnings.html
