  … verification_disposition: tracing 7 function-routed tests
  … verification_disposition: baseline traced · 7 tests · 0.0s
  … verification_disposition: 1/19 mutants · 2.4/s · ETA estimating… (heartbeat)
  … verification_disposition: 19/19 mutants · 41.6/s · done in 0.5s
  ▸ pass 0: ✓ every mutant killed
  ▸ witness pass: searching richer inputs for a distinguishing kill…
  ▸ finalizing — re-profiling the full mutant universe against the written suite…
  ▸ verifying reproducibility — fresh isolated observation of the function's proof basis…
  … verification_disposition: tracing 7 function-routed tests
  … verification_disposition: baseline traced · 7 tests · 0.0s
──────────────────────────────────────────────────────────────────────────────
Detective/converge.py::verification_disposition — converge · 19 behaviours · 19 pinned

  · not consulted      2024 collected test(s) have no static path to this function — not traced (a missed dynamic reacher costs a redundant generated test, never a certificate)
  · full report        .detective/reports/converge_verification_disposition.txt

DONE:  the suite pins every behaviour this function makes.

       NEXT — the style pass (behaviour is pinned; this is the self-evident next move):
         detective plan 'Detective/converge.py'          # the fuller style map for these regions
         detective decompose 'Detective/converge.py::verification_disposition' --apply  # split it where behaviour is proven preserved
         detective survey 'Detective/converge.py'         # pure decisions trapped behind an impure boundary
         (efficiency, once you have a rewrite: detective verify-rewrite <receipt> 'Detective/converge.py::verification_disposition' --budget)

FINAL Detective/converge.py::verification_disposition: ✓ COMPLETE (operator universe) · 19/19 killed · minimal cover 7 test(s)
