============================= test session starts ==============================
platform darwin -- Python 3.11.14, pytest-9.1.1, pluggy-1.6.0
rootdir: /Users/rohanvinaik/tools/Wesker
configfile: pyproject.toml
plugins: cov-7.1.0
collected 705 items

tests/detective/test_Wesker_ci__impact_lookup_keys_synth.py ...          [  0%]
tests/detective/test_Wesker_ci__is_test_filename_2199ef5da8_synth.py ..  [  0%]
tests/detective/test_Wesker_ci_callable_test_id_synth.py ..              [  0%]
tests/detective/test_Wesker_ci_is_truncated_measurement_synth.py ..      [  1%]
tests/detective/test_Wesker_ci_route_admits_d066af4e27_synth.py ..       [  1%]
tests/detective/test_Wesker_engine__adaptive_allowance_synth.py ...      [  1%]
tests/detective/test_Wesker_engine__baseline_failures_synth.py ..        [  2%]
tests/detective/test_Wesker_engine__measurement_gateable_synth.py ..     [  2%]
tests/detective/test_Wesker_engine_baseline_probe_disposition_synth.py . [  2%]
.......                                                                  [  3%]
tests/detective/test_Wesker_engine_form_b_equivalence_f1b8318253_synth.py . [  3%]
..                                                                       [  4%]
tests/detective/test_Wesker_engine_merge_unscored_synth.py ..            [  4%]
tests/detective/test_Wesker_engine_mutant_disposition_synth.py ......    [  5%]
tests/detective/test_Wesker_filter__census_row_929de515ed_synth.py .     [  5%]
tests/detective/test_Wesker_filter_operator_disposition_synth.py .....   [  6%]
tests/detective/test_Wesker_isolation_aggregate_kill_reason_395d4a5446_synth.py . [  6%]
...                                                                      [  6%]
tests/detective/test_Wesker_isolation_baseline_determinism_fa44044515_synth.py . [  6%]
..                                                                       [  7%]
tests/detective/test_Wesker_isolation_classify_kill_reason_222160a15a_synth.py . [  7%]
..                                                                       [  7%]
tests/detective/test_Wesker_isolation_entry_disposition_796fd9c268_synth.py . [  7%]
...                                                                      [  8%]
tests/detective/test_Wesker_isolation_fast_mode_standing_4365e1fd2e_synth.py . [  8%]
.....                                                                    [  8%]
tests/detective/test_Wesker_isolation_hazards_from_names_3b9ae6c66c_synth.py . [  9%]
...                                                                      [  9%]
tests/detective/test_Wesker_isolation_isolated_test_outcome_67fb1ae9eb_synth.py . [  9%]
....                                                                     [ 10%]
tests/detective/test_Wesker_isolation_mutant_verdict_22dbb26b36_synth.py . [ 10%]
...                                                                      [ 10%]
tests/detective/test_Wesker_isolation_scope_fast_mode_standing_2124c4337f_synth.py . [ 10%]
.                                                                        [ 11%]
tests/detective/test_Wesker_isolation_should_recycle_f6e017f86a_synth.py . [ 11%]
....                                                                     [ 11%]
tests/detective/test_Wesker_line_coverage_admissible_coverage_synth.py . [ 11%]
..                                                                       [ 12%]
tests/detective/test_Wesker_memory_guard_memory_budget_standing_a2ede80d55_synth.py . [ 12%]
...                                                                      [ 12%]
tests/detective/test_Wesker_memory_guard_memory_enforcement_standing_ab11dcac7a_synth.py . [ 12%]
.                                                                        [ 13%]
tests/detective/test_Wesker_session_manifest__digest_synth.py .          [ 13%]
tests/detective/test_Wesker_session_manifest_collection_identity_standing_6e8b1137a1_synth.py . [ 13%]
..                                                                       [ 13%]
tests/detective/test_Wesker_session_manifest_conflicting_module_names_synth.py . [ 13%]
.......                                                                  [ 14%]
tests/detective/test_Wesker_session_manifest_manifest_admissibility_95462d7b04_synth.py . [ 14%]
...                                                                      [ 15%]
tests/detective/test_Wesker_subsumption_distinct_obligations_synth.py .. [ 15%]
                                                                         [ 15%]
tests/detective/test_Wesker_subsumption_redundancy_groups_synth.py ..    [ 15%]
tests/detective/test_Wesker_tce_bytecode_equivalent_synth.py ........    [ 17%]
tests/test_Wesker_engine__count_dataflow_targets_synth.py .              [ 17%]
tests/test_Wesker_engine__count_state_targets_synth.py .                 [ 17%]
tests/test_Wesker_engine__dataflow_candidates_synth.py ....              [ 17%]
tests/test_Wesker_engine__generate_state_mutants_synth.py .              [ 18%]
tests/test_Wesker_engine__statically_str_synth.py .                      [ 18%]
tests/test_Wesker_filter_filter_categories_synth.py .                    [ 18%]
tests/test_Wesker_policy__fingerprint_counts_synth.py .                  [ 18%]
tests/test_Wesker_policy_mutation_policy_synth.py .                      [ 18%]
tests/test__deletable_stmt_ids_synth.py ........                         [ 19%]
tests/test__is_private_copy_synth.py .                                   [ 19%]
tests/test__outcome_on_original_synth.py .                               [ 20%]
tests/test__stmt_call_ids_synth.py .......                               [ 20%]
tests/test__unwind_dead_end_synth.py .                                   [ 21%]
tests/test_abandon_thread.py .....                                       [ 21%]
tests/test_action_gates.py ...........                                   [ 23%]
tests/test_action_stream_reentry.py ..                                   [ 23%]
tests/test_admissible_evidence.py ...                                    [ 24%]
tests/test_baseline_refresh.py ....................                      [ 26%]
tests/test_bounded_join_intent.py .......                                [ 27%]
tests/test_ci.py .......................                                 [ 31%]
tests/test_collection_errors_capture_intent.py ..                        [ 31%]
tests/test_concurrent_execution.py ....                                  [ 32%]
tests/test_contract_guards_intent.py ..........                          [ 33%]
tests/test_coverage_floor_synth.py .........                             [ 34%]
tests/test_dataflow.py .............                                     [ 36%]
tests/test_declared_failure.py ..........                                [ 38%]
tests/test_diff_summary.py ..                                            [ 38%]
tests/test_dimension_budget_synth.py .                                   [ 38%]
tests/test_discovery_honors_testpaths_intent.py ........                 [ 39%]
tests/test_discovery_path_identity.py ..                                 [ 39%]
tests/test_discovery_scoping.py .......                                  [ 40%]
tests/test_dof_budget.py .............                                   [ 42%]
tests/test_engine.py ................................................... [ 49%]
...........                                                              [ 51%]
tests/test_filter.py .................                                   [ 53%]
tests/test_form_b_equivalence_intent.py ...                              [ 54%]
tests/test_gate_suite_health_synth.py ..                                 [ 54%]
tests/test_hermetic_first_kill_loop_intent.py .                          [ 54%]
tests/test_hostile_getattr_module_intent.py .                            [ 54%]
tests/test_isolation.py ................................................ [ 61%]
...........                                                              [ 63%]
tests/test_kill_attribution.py ..                                        [ 63%]
tests/test_kill_attribution_guard.py ...                                 [ 63%]
tests/test_live_default_identity_intent.py ...                           [ 64%]
tests/test_load_outcomes_validated_intent.py ....                        [ 64%]
tests/test_memory_budget_intent.py ...........                           [ 66%]
tests/test_memory_guard_purge.py ..                                      [ 66%]
tests/test_mutant_entry.py ...                                           [ 67%]
tests/test_mutant_namespace.py .                                         [ 67%]
tests/test_next_routing_action.py .....                                  [ 68%]
tests/test_observed_reach_positive_only_intent.py ..                     [ 68%]
tests/test_observed_routing_cache.py ....                                [ 68%]
tests/test_operator_census.py ......                                     [ 69%]
tests/test_output_mode_applies_intent.py .....                           [ 70%]
tests/test_output_perturbation_mu_minus_intent.py .............          [ 72%]
tests/test_policy.py ..................                                  [ 74%]
tests/test_proof_basis_surfacing.py ..                                   [ 75%]
tests/test_pytest_discovery.py .....                                     [ 75%]
tests/test_regime_digest_config_content_intent.py ...                    [ 76%]
tests/test_regime_digest_intent.py ...                                   [ 76%]
tests/test_reset_item.py .....                                           [ 77%]
tests/test_resolve_test_id_intent.py ............                        [ 79%]
tests/test_route_test_item.py ..........                                 [ 80%]
tests/test_scope_matrix_differential.py ...                              [ 80%]
tests/test_scope_tests_verdict_exact.py .......                          [ 81%]
tests/test_self_profile.py ......                                        [ 82%]
tests/test_session_manifest.py .......................                   [ 86%]
tests/test_session_scope_binding.py ........                             [ 87%]
tests/test_split_live_callables.py ...                                   [ 87%]
tests/test_subsumption.py ........                                       [ 88%]
tests/test_targets_own_package_synth.py ......                           [ 89%]
tests/test_tce.py ............                                           [ 91%]
tests/test_trace_budget.py ..............                                [ 93%]
tests/test_trace_cache_identity.py ....                                  [ 93%]
tests/test_trace_containment.py .....                                    [ 94%]
tests/test_trace_evidence.py ............                                [ 96%]
tests/test_trace_target_identity.py .....                                [ 97%]
tests/test_type_impossible.py .......                                    [ 98%]
tests/test_unknown_stratum_rank.py ..                                    [ 98%]
tests/test_verification_manifest_plugin.py ..                            [ 98%]
tests/test_widen_matches_full.py .....                                   [ 99%]
tests/test_widen_persist_once_intent.py ....                             [ 99%]
tests/test_within_run_trace_memo_intent.py .                             [100%]

============================= 705 passed in 32.97s =============================
